city_87 south=city_86 north=city_84
city_176 north=city_175 west=city_177 east=city_167
city_206 east=city_213 west=city_205 south=city_207 north=city_285
city_311 north=city_312 south=city_313 west=city_308
city_325 south=city_324 north=city_326 west=city_336
city_73 east=city_72 north=city_74
city_118 south=city_117 north=city_99
city_190 south=city_189 east=city_191 west=city_193
city_269 north=city_270 east=city_265
city_334 south=city_333
city_42 east=city_41 north=city_43
city_97 east=city_93 west=city_98 north=city_198
city_286 south=city_215 north=city_287
city_220 north=city_221 west=city_265 south=city_219
city_113 south=city_116 west=city_112 north=city_114
city_284 south=city_281 west=city_283
city_461 south=city_410 north=city_462
city_83 east=city_36 north=city_50
city_145 south=city_144 west=city_146 east=city_142
city_429 south=city_432 north=city_428 west=city_425 east=city_430
city_109 north=city_108 south=city_110 east=city_186
city_279 east=city_276 north=city_280 west=city_368
city_282 east=city_281 north=city_283 south=city_369
city_158 west=city_149 east=city_159 south=city_160
city_106 west=city_107 south=city_111 east=city_115 north=city_105
city_276 east=city_215 north=city_277 west=city_279 south=city_285
city_428 west=city_426 south=city_429
city_450 west=city_449 north=city_451 south=city_455
city_225 north=city_226 east=city_255 south=city_223
city_306 south=city_307 north=city_314 west=city_305
city_314 north=city_315 east=city_321 west=city_345 south=city_306
city_8 north=city_388 south=city_7 west=city_9
city_15 east=city_14 north=city_16 south=city_392
city_138 east=city_137 north=city_135 south=city_139
city_140 east=city_178 north=city_125 west=city_127 south=city_141
city_211 east=city_288 south=city_210 west=city_212 north=city_274
city_103 west=city_104 south=city_114 north=city_102
city_112 west=city_111 east=city_113
city_252 east=city_251 south=city_253 north=city_254
city_273 north=city_218 south=city_274
city_336 north=city_337 east=city_325 south=city_335 west=city_294
city_319 west=city_318
city_466 south=city_465 west=city_467 east=city_470
city_370 north=city_59 east=city_369 west=city_32
city_55 west=city_54 south=city_56 north=city_60
city_117 west=city_116 north=city_118 south=city_119 east=city_184
city_189 west=city_188 east=city_102 north=city_190 south=city_104
city_202 north=city_203 south=city_20 west=city_23
city_361 east=city_360
city_32 west=city_29 east=city_370 north=city_31 south=city_26
city_131 south=city_130 north=city_132 west=city_133
city_137 south=city_136 east=city_129 west=city_138
city_153 east=city_156 north=city_397 west=city_152 south=city_154
city_172 west=city_171
city_367 south=city_204 north=city_368 west=city_371
city_41 east=city_40 west=city_42 north=city_44 south=city_50
city_288 west=city_211 east=city_289 south=city_359
city_333 south=city_332 north=city_334
city_351 east=city_350 south=city_352 west=city_382
city_132 south=city_131 east=city_183 west=city_187
city_171 north=city_165 east=city_172
city_201 south=city_200 east=city_16 west=city_91 north=city_18
city_316 south=city_315 north=city_317
city_385 north=city_379 east=city_386
city_28 east=city_25 north=city_27
city_303 west=city_301 north=city_304
city_62 north=city_63 east=city_81 south=city_61
city_76 west=city_75
city_61 south=city_60 north=city_62 west=city_66
city_115 east=city_114 west=city_106 north=city_104
city_121 west=city_122 south=city_123 north=city_120
city_437 north=city_440 west=city_431 south=city_438
city_335 east=city_324 north=city_336 south=city_299
city_31 south=city_32 north=city_33 east=city_59 west=city_30
city_96 east=city_95
city_300 west=city_299 south=city_301 north=city_324
city_412 west=city_411 south=city_413 east=city_425
city_376 south=city_384 west=city_374 east=city_377
city_392 north=city_15 south=city_393 east=city_13
city_449 west=city_447 east=city_450 north=city_452
city_6 east=city_5 west=city_7 south=city_402
city_64 east=city_63 south=city_65
city_111 north=city_106 east=city_112 south=city_186
city_125 west=city_126 south=city_140 east=city_124
city_146 east=city_145
city_37 east=city_38 west=city_50 north=city_40 south=city_36
city_100 south=city_99 north=city_101
city_185 east=city_116 west=city_186
city_270 south=city_269 east=city_266 west=city_271
city_456 west=city_455 south=city_457 east=city_460
city_404 east=city_403 south=city_405 west=city_163 north=city_401
city_238 south=city_235 north=city_239
city_240 south=city_241 west=city_259 north=city_230
city_359 south=city_360 north=city_288 east=city_358
city_383 west=city_384 east=city_354 south=city_381
city_16 north=city_17 west=city_201 east=city_372 south=city_15
city_82 south=city_54 west=city_68 north=city_66 east=city_60
city_451 south=city_450 west=city_452 north=city_453
city_3 east=city_2 south=city_4 west=city_389
city_10 south=city_9 west=city_11 east=city_388
city_94 north=city_93 west=city_95
city_244 north=city_242 west=city_245
city_433 south=city_434 north=city_425 east=city_432
city_287 south=city_286 east=city_272 west=city_278
city_233 north=city_234 west=city_232
city_251 east=city_249 west=city_252
city_291 west=city_290 south=city_292 east=city_339 north=city_341
city_388 north=city_387 south=city_8 east=city_389 west=city_10
city_444 north=city_443
city_2 south=city_1 west=city_3
city_210 west=city_209 north=city_211
city_298 south=city_346 west=city_297 east=city_299 north=city_295
city_80 north=city_79
city_218 west=city_217 north=city_219 east=city_264 south=city_273
city_290 west=city_362 south=city_289 east=city_291
city_405 north=city_404 east=city_406 south=city_422
city_81 west=city_62
city_116 south=city_183 west=city_185 north=city_113 east=city_117
city_285 north=city_276 east=city_214 south=city_206
city_332 west=city_330 south=city_329 north=city_333
city_371 north=city_369 south=city_203 east=city_367
city_75 south=city_72 east=city_76 west=city_74
city_191 west=city_190 east=city_192
city_223 south=city_222 west=city_224 north=city_225
city_439 east=city_438 west=city_436 north=city_431
city_155 west=city_154
city_217 south=city_216 east=city_218 north=city_272
city_5 north=city_4 west=city_6
city_157 south=city_156 north=city_11 east=city_9
city_363 south=city_362 north=city_264
city_366 east=city_365 west=city_19 south=city_17
city_438 north=city_437 west=city_439
city_440 south=city_437 north=city_441 west=city_430
city_261 west=city_222 east=city_260 north=city_256
city_272 south=city_217 west=city_287 north=city_265
city_289 east=city_292 west=city_288 north=city_290
city_50 north=city_41 east=city_37 south=city_83
city_99 east=city_98 north=city_100 south=city_118
city_102 west=city_189 east=city_101 south=city_103
city_231 west=city_230 east=city_232 north=city_235
city_253 north=city_252 east=city_247 south=city_227
city_235 south=city_231 east=city_236 north=city_238
city_18 east=city_17 north=city_19 south=city_201
city_89 east=city_88 south=city_192
city_227 south=city_226 east=city_228 north=city_253
city_297 north=city_296 east=city_298 west=city_356 south=city_349
city_378 south=city_379 north=city_374 east=city_384 west=city_372
city_446 west=city_445 south=city_447
city_93 north=city_92 south=city_94 west=city_97 east=city_199
city_315 east=city_318 south=city_314 north=city_316
city_321 west=city_314 east=city_322
city_379 north=city_378 east=city_380 south=city_385 west=city_14
city_382 west=city_381 east=city_351
city_85 east=city_84 north=city_36
city_250 south=city_249
city_292 east=city_338 north=city_291 west=city_289 south=city_293
city_349 south=city_350 west=city_353 north=city_297 east=city_346
city_409 north=city_471 south=city_408 east=city_410 west=city_406
city_110 north=city_109 east=city_187
city_198 west=city_197 east=city_92 south=city_97
city_344 west=city_324 east=city_345
city_424 south=city_423 east=city_421 north=city_164
city_17 south=city_16 west=city_18 north=city_366 east=city_373
city_127 west=city_128 east=city_140 north=city_126
city_246 north=city_228 west=city_226 south=city_255 east=city_259
city_308 north=city_307 south=city_309 east=city_311
city_79 east=city_78 south=city_80
city_136 east=city_128 north=city_137 west=city_139
city_312 south=city_311 west=city_307
city_463 west=city_462 east=city_464 north=city_473
city_66 west=city_67 east=city_61 south=city_82 north=city_65
city_92 north=city_91 south=city_93 west=city_198 east=city_200
city_216 west=city_215 north=city_217 south=city_275
city_301 north=city_300 west=city_302 east=city_303
city_368 south=city_367 west=city_369 east=city_279
city_7 east=city_6 north=city_8 west=city_399
city_187 north=city_186 west=city_110 east=city_132
city_260 north=city_257 west=city_261
city_369 east=city_368 north=city_282 west=city_370 south=city_371
city_48 south=city_46 west=city_49
city_65 north=city_64 south=city_66 west=city_69
city_397 south=city_153 west=city_398 north=city_396
city_458 north=city_460 west=city_457 east=city_459
city_469 south=city_468
city_46 south=city_45 east=city_47 north=city_48
city_452 east=city_451 south=city_449 north=city_454
city_465 north=city_466 south=city_464
city_473 west=city_472 north=city_467 south=city_463
city_60 west=city_82 south=city_55 north=city_61
city_180 west=city_179 south=city_181
city_188 south=city_105 east=city_189 north=city_193
city_410 south=city_411 east=city_427 north=city_461 west=city_409
city_418 north=city_407 east=city_417 south=city_419 west=city_421
city_152 south=city_150 east=city_153
city_173 north=city_148 east=city_169
city_203 east=city_204 north=city_371 south=city_202
city_416 east=city_415 north=city_417 west=city_419
city_436 north=city_432 east=city_439
city_144 east=city_143 north=city_145
city_156 east=city_399 west=city_153 north=city_157
city_310 north=city_309
city_398 north=city_395 east=city_397
city_400 north=city_399 east=city_401
city_52 east=city_53 south=city_51 west=city_39
city_141 north=city_140 south=city_142 east=city_177
city_419 north=city_418 west=city_420 east=city_416
city_468 north=city_469 south=city_467
city_23 south=city_21 west=city_24 east=city_202
city_175 north=city_147 south=city_176
city_205 west=city_204 east=city_206
city_326 south=city_325 east=city_327
city_420 north=city_421 west=city_423 east=city_419
city_243 west=city_242
city_380 east=city_381 south=city_386 west=city_379
city_427 east=city_426 west=city_410
city_434 west=city_435 north=city_433
city_265 east=city_220 north=city_266 west=city_269 south=city_272
city_354 east=city_353 north=city_355 west=city_383
city_374 north=city_375 east=city_376 south=city_378 west=city_373
city_70 east=city_69 north=city_71
city_245 east=city_244 north=city_241
city_441 south=city_440 north=city_442
city_95 west=city_96 east=city_94
city_119 west=city_183 north=city_117 east=city_120 south=city_122
city_166 south=city_168 north=city_169 east=city_165 west=city_167
city_224 east=city_223 south=city_221
city_254 south=city_252
city_447 north=city_446 south=city_448 east=city_449
city_12 south=city_11 north=city_13 west=city_393
city_44 west=city_43 east=city_45 south=city_41
city_130 north=city_131 west=city_134 south=city_129
city_148 west=city_147 east=city_149 north=city_151 south=city_173
city_394 east=city_393 south=city_395
city_160 north=city_158 east=city_161 south=city_165
city_391 north=city_390 south=city_389
city_30 east=city_31 north=city_34 west=city_84 south=city_29
city_122 north=city_119 east=city_121
city_268 east=city_267
city_302 east=city_301 south=city_348
city_338 east=city_337 west=city_292 north=city_339
city_340 south=city_339 west=city_341 north=city_342
city_25 south=city_24 north=city_26 west=city_28
city_114 south=city_113 west=city_115 north=city_103
city_259 south=city_258 east=city_240 west=city_246
city_267 south=city_266 west=city_268
city_283 north=city_56 east=city_284 south=city_282 west=city_58
city_309 south=city_310 north=city_308
city_135 south=city_138 east=city_134
city_236 west=city_235 south=city_232 east=city_234 north=city_237
city_24 east=city_23 north=city_25
city_53 west=city_52 east=city_54 north=city_68
city_230 west=city_229 east=city_231 south=city_240
city_242 west=city_241 east=city_243 south=city_244
city_248 west=city_247 north=city_249
city_142 north=city_141 south=city_143 west=city_145 east=city_179
city_280 south=city_279 east=city_277 west=city_281
city_343 west=city_342
city_396 south=city_397 east=city_11 west=city_395
city_78 west=city_79 east=city_77
city_323 west=city_322
city_71 west=city_72 south=city_70
city_393 north=city_392 east=city_12 west=city_394
city_407 north=city_406 east=city_408 west=city_422 south=city_418
city_313 north=city_311
city_320 south=city_318
city_167 east=city_166 west=city_176
city_331 south=city_330
city_353 east=city_349 west=city_354
city_372 east=city_378 west=city_16 north=city_373
city_389 west=city_388 east=city_3 north=city_391
city_86 east=city_27 north=city_87
city_186 north=city_111 east=city_185 west=city_109 south=city_187
city_352 north=city_351
city_373 south=city_372 west=city_17 east=city_374
city_237 south=city_236
city_120 west=city_119 south=city_121 north=city_184
city_360 north=city_359 west=city_361 south=city_355
city_77 south=city_63 west=city_78
city_169 south=city_166 west=city_173
city_387 north=city_386 south=city_388
city_401 west=city_400 east=city_402 south=city_404
city_170 west=city_165 north=city_161
city_200 south=city_199 west=city_92 north=city_201
city_384 west=city_378 east=city_383 north=city_376
city_430 west=city_429 south=city_431 east=city_440
city_448 north=city_447
city_126 east=city_125 south=city_127
city_264 north=city_263 west=city_218 south=city_363
city_329 west=city_328 east=city_317 north=city_332
city_375 south=city_374 west=city_365
city_21 east=city_20 south=city_22 north=city_23 west=city_88
city_324 west=city_335 east=city_344 south=city_300 north=city_325
city_229 west=city_228 east=city_230
city_209 west=city_208 east=city_210 north=city_212
city_35 south=city_84 east=city_34 west=city_36 north=city_38
city_49 east=city_48
city_51 west=city_38 north=city_52 south=city_34
city_179 north=city_177 west=city_142 east=city_180 south=city_182
city_182 north=city_179 west=city_143 east=city_181
city_38 south=city_35 east=city_51 west=city_37 north=city_39
city_123 north=city_121 south=city_124 east=city_174
city_249 south=city_248 north=city_250 west=city_251
city_350 west=city_351 north=city_349
city_413 south=city_435 north=city_412 west=city_414
city_14 south=city_13 west=city_15 east=city_379
city_59 north=city_58 west=city_31 south=city_370
city_90 north=city_20 south=city_91
city_147 west=city_124 east=city_148 north=city_174 south=city_175
city_294 west=city_293 south=city_295 east=city_336
city_29 south=city_27 north=city_30 east=city_32
city_67 east=city_66 south=city_68 north=city_69
city_192 west=city_191 north=city_89 south=city_101
city_346 north=city_298 south=city_347 west=city_349
city_74 south=city_73 east=city_75
city_258 south=city_257 west=city_255 north=city_259 east=city_241
city_339 south=city_338 west=city_291 north=city_340
city_381 west=city_380 east=city_382 north=city_383 south=city_390
city_149 west=city_148 north=city_150 east=city_158
city_411 west=city_408 south=city_414 north=city_410 east=city_412
city_425 south=city_433 west=city_412 north=city_426 east=city_429
city_162 north=city_163 south=city_164 west=city_161
city_228 west=city_227 east=city_229 south=city_246 north=city_247
city_377 east=city_355 west=city_376
city_36 east=city_35 north=city_37 west=city_83 south=city_85
city_63 south=city_62 west=city_64 north=city_77
city_91 south=city_92 east=city_201 north=city_90
city_215 south=city_214 east=city_216 west=city_276 north=city_286
city_221 south=city_220 east=city_222 north=city_224 west=city_266
city_457 north=city_456 east=city_458
city_43 south=city_42 east=city_44
city_293 west=city_358 north=city_292 east=city_294 south=city_296
city_355 west=city_377 south=city_354 east=city_356 north=city_360
city_414 east=city_413 south=city_415 west=city_417 north=city_411
city_134 east=city_130 west=city_135
city_318 west=city_315 east=city_319 north=city_320
city_390 west=city_386 north=city_381 south=city_391
city_462 south=city_461 east=city_463
city_129 west=city_137 south=city_128 north=city_130
city_347 north=city_346 east=city_348
city_445 west=city_443 east=city_446
city_26 west=city_27 north=city_32 south=city_25
city_150 south=city_149 west=city_151 north=city_152
city_403 north=city_402 west=city_404 east=city_471
city_406 west=city_405 south=city_407 east=city_409
city_104 east=city_103 west=city_105 north=city_189 south=city_115
city_247 south=city_228 east=city_248 west=city_253
city_274 east=city_362 north=city_273 south=city_211 west=city_275
city_365 north=city_207 west=city_366 east=city_375
city_177 east=city_176 north=city_178 south=city_179 west=city_141
city_207 north=city_206 east=city_208 west=city_364 south=city_365
city_362 east=city_290 west=city_274 north=city_363
city_432 south=city_436 north=city_429 east=city_431 west=city_433
city_471 south=city_409 west=city_403
city_281 east=city_280 west=city_282 north=city_284
city_358 south=city_357 east=city_293 west=city_359
city_417 south=city_416 east=city_414 west=city_418 north=city_408
city_4 south=city_5 north=city_3 east=city_1
city_58 north=city_57 west=city_33 south=city_59 east=city_283
city_69 east=city_65 west=city_70 south=city_67
city_84 north=city_35 east=city_30 west=city_85 south=city_87
city_239 south=city_238
city_164 south=city_424 north=city_162 east=city_422
city_226 north=city_227 east=city_246 south=city_225
city_305 north=city_345 west=city_304 east=city_306
city_464 west=city_463 north=city_465
city_257 north=city_258 south=city_260 west=city_256
city_39 south=city_38 west=city_40 east=city_52
city_45 west=city_44 north=city_46
city_159 west=city_158
city_183 north=city_116 east=city_119 west=city_132
city_214 south=city_213 north=city_215 west=city_285 east=city_275
city_57 east=city_56 south=city_58 north=city_54
city_124 north=city_123 west=city_125 east=city_147 south=city_178
city_266 east=city_221 north=city_267 west=city_270 south=city_265
city_415 north=city_414 west=city_416 east=city_435
city_421 north=city_422 west=city_424 south=city_420 east=city_418
city_161 west=city_160 east=city_162 south=city_170
city_337 south=city_336 west=city_338
city_408 west=city_407 north=city_409 south=city_417 east=city_411
city_154 north=city_153 east=city_155
city_219 south=city_218 north=city_220
city_341 east=city_340 south=city_291
city_139 north=city_138 east=city_136
city_181 north=city_180 west=city_182
city_241 north=city_240 east=city_242 south=city_245 west=city_258
city_454 east=city_453 south=city_452
city_395 south=city_398 north=city_394 east=city_396
city_212 east=city_211 south=city_209 west=city_213 north=city_275
city_345 west=city_344 east=city_314 south=city_305
city_13 south=city_12 north=city_14 west=city_392
city_255 east=city_258 west=city_225 north=city_246 south=city_256
city_435 west=city_415 north=city_413 east=city_434
city_1 south=city_472 north=city_2 west=city_4 east=city_467
city_196 south=city_195
city_342 south=city_340 east=city_343
city_107 east=city_106 south=city_108
city_277 south=city_276 north=city_278 west=city_280
city_328 south=city_327 east=city_329 north=city_330
city_460 south=city_458 west=city_456
city_356 west=city_355 east=city_297 north=city_357
city_47 west=city_46
city_178 south=city_177 west=city_140 north=city_124
city_208 west=city_207 east=city_209
city_234 south=city_233 west=city_236
city_443 west=city_442 south=city_444 east=city_445
city_143 north=city_142 west=city_144 east=city_182
city_56 north=city_55 west=city_57 south=city_283
city_11 north=city_12 south=city_157 west=city_396 east=city_10
city_322 west=city_321 east=city_323
city_423 north=city_424 east=city_420
city_193 east=city_190 west=city_194 south=city_188
city_256 north=city_255 east=city_257 south=city_261
city_459 west=city_458
city_470 west=city_466
city_9 east=city_8 north=city_10 south=city_399 west=city_157
city_133 east=city_131
city_151 south=city_148 west=city_174 east=city_150
city_197 south=city_98 east=city_198
city_72 east=city_71 west=city_73 north=city_75
city_165 north=city_160 west=city_166 east=city_170 south=city_171
city_195 north=city_196 south=city_194
city_304 south=city_303 east=city_305
city_307 north=city_306 south=city_308 east=city_312
city_19 south=city_18 west=city_20 east=city_366
city_54 west=city_53 east=city_55 south=city_57 north=city_82
city_88 east=city_21 west=city_89
city_128 north=city_129 west=city_136 east=city_127
city_262 north=city_222 south=city_263
city_163 south=city_162 east=city_404
city_194 east=city_193 north=city_195
city_330 south=city_328 north=city_331 east=city_332
city_348 west=city_347 north=city_302
city_357 south=city_356 north=city_358
city_105 east=city_104 south=city_106 north=city_188
city_275 east=city_274 south=city_212 north=city_216 west=city_214
city_364 east=city_207
city_472 north=city_1 east=city_473
city_40 east=city_39 west=city_41 south=city_37
city_199 west=city_93 north=city_200
city_263 north=city_262 south=city_264
city_431 north=city_430 west=city_432 east=city_437 south=city_439
city_453 south=city_451 west=city_454
city_455 east=city_456 north=city_450
city_34 north=city_51 east=city_33 south=city_30 west=city_35
city_295 north=city_294 west=city_296 south=city_298
city_422 south=city_421 east=city_407 west=city_164 north=city_405
city_22 north=city_21
city_33 south=city_31 west=city_34 east=city_58
city_101 north=city_192 south=city_100 west=city_102
city_232 west=city_231 east=city_233 north=city_236
city_271 east=city_270
city_68 north=city_67 south=city_53 east=city_82
city_168 north=city_166
city_222 west=city_221 north=city_223 south=city_262 east=city_261
city_317 south=city_316 west=city_329
city_386 east=city_390 west=city_385 north=city_380 south=city_387
city_442 south=city_441 east=city_443
city_98 east=city_97 west=city_99 north=city_197
city_399 north=city_9 west=city_156 south=city_400 east=city_7
city_426 south=city_425 west=city_427 east=city_428
city_467 north=city_468 west=city_1 south=city_473 east=city_466
city_20 north=city_202 east=city_19 west=city_21 south=city_90
city_296 south=city_297 east=city_295 north=city_293
city_299 west=city_298 east=city_300 north=city_335
city_402 north=city_6 west=city_401 south=city_403
city_174 south=city_147 east=city_151 west=city_123
city_184 west=city_117 south=city_120
city_204 west=city_203 east=city_205 north=city_367
city_213 east=city_212 north=city_214 west=city_206
city_27 east=city_26 south=city_28 north=city_29 west=city_86
city_108 north=city_107 south=city_109
city_278 south=city_277 east=city_287
city_327 west=city_326 north=city_328
